[2023-06-22T06:54:24.129+0000][0.024s] Heap region size: 1M
[2023-06-22T06:54:24.147+0000][0.042s] Using G1
[2023-06-22T06:54:24.148+0000][0.042s] Heap address: 0x00000000e0000000, size: 512 MB, Compressed Oops mode: 32-bit
[2023-06-22T06:54:24.149+0000][0.043s] Mark closed archive regions in map: [0x00000000ffe00000, 0x00000000ffe65ff8]
[2023-06-22T06:54:24.149+0000][0.044s] Mark open archive regions in map: [0x00000000ffc00000, 0x00000000ffc41ff8]
[2023-06-22T06:54:25.135+0000][1.030s] GC(0) Pause Young (Normal) (G1 Evacuation Pause)
[2023-06-22T06:54:25.137+0000][1.032s] GC(0) Using 6 workers of 6 for evacuation
[2023-06-22T06:54:25.155+0000][1.050s] GC(0)   Pre Evacuate Collection Set: 0.0ms
[2023-06-22T06:54:25.156+0000][1.050s] GC(0)   Evacuate Collection Set: 16.4ms
[2023-06-22T06:54:25.162+0000][1.056s] GC(0)   Post Evacuate Collection Set: 0.7ms
[2023-06-22T06:54:25.162+0000][1.057s] GC(0)   Other: 2.7ms
[2023-06-22T06:54:25.163+0000][1.057s] GC(0) Eden regions: 27->0(303)
[2023-06-22T06:54:25.163+0000][1.058s] GC(0) Survivor regions: 0->4(4)
[2023-06-22T06:54:25.164+0000][1.058s] GC(0) Old regions: 2->2
[2023-06-22T06:54:25.164+0000][1.059s] GC(0) Humongous regions: 0->0
[2023-06-22T06:54:25.165+0000][1.059s] GC(0) Metaspace: 7925K(8576K)->7925K(8576K) NonClass: 6958K(7424K)->6958K(7424K) Class: 967K(1152K)->967K(1152K)
[2023-06-22T06:54:25.165+0000][1.060s] GC(0) Pause Young (Normal) (G1 Evacuation Pause) 27M->3M(512M) 29.967ms
[2023-06-22T06:54:25.166+0000][1.060s] GC(0) User=0.06s Sys=0.01s Real=0.03s
[2023-06-22T06:54:26.564+0000][2.458s] GC(1) Pause Young (Concurrent Start) (Metadata GC Threshold)
[2023-06-22T06:54:26.564+0000][2.459s] GC(1) Using 6 workers of 6 for evacuation
[2023-06-22T06:54:26.594+0000][2.488s] GC(1)   Pre Evacuate Collection Set: 0.1ms
[2023-06-22T06:54:26.595+0000][2.489s] GC(1)   Evacuate Collection Set: 28.0ms
[2023-06-22T06:54:26.595+0000][2.489s] GC(1)   Post Evacuate Collection Set: 1.3ms
[2023-06-22T06:54:26.595+0000][2.490s] GC(1)   Other: 0.9ms
[2023-06-22T06:54:26.596+0000][2.490s] GC(1) Eden regions: 89->0(78)
[2023-06-22T06:54:26.596+0000][2.491s] GC(1) Survivor regions: 4->20(39)
[2023-06-22T06:54:26.597+0000][2.491s] GC(1) Old regions: 2->2
[2023-06-22T06:54:26.597+0000][2.492s] GC(1) Humongous regions: 4->4
[2023-06-22T06:54:26.598+0000][2.492s] GC(1) Metaspace: 20433K(21248K)->20433K(21248K) NonClass: 18007K(18432K)->18007K(18432K) Class: 2426K(2816K)->2426K(2816K)
[2023-06-22T06:54:26.598+0000][2.492s] GC(1) Pause Young (Concurrent Start) (Metadata GC Threshold) 96M->24M(512M) 34.277ms
[2023-06-22T06:54:26.604+0000][2.498s] GC(1) User=0.05s Sys=0.01s Real=0.04s
[2023-06-22T06:54:26.604+0000][2.499s] GC(2) Concurrent Cycle
[2023-06-22T06:54:26.605+0000][2.499s] GC(2) Concurrent Clear Claimed Marks
[2023-06-22T06:54:26.605+0000][2.500s] GC(2) Concurrent Clear Claimed Marks 0.392ms
[2023-06-22T06:54:26.606+0000][2.500s] GC(2) Concurrent Scan Root Regions
[2023-06-22T06:54:26.610+0000][2.504s] GC(2) Concurrent Scan Root Regions 4.160ms
[2023-06-22T06:54:26.610+0000][2.505s] GC(2) Concurrent Mark (2.505s)
[2023-06-22T06:54:26.611+0000][2.505s] GC(2) Concurrent Mark From Roots
[2023-06-22T06:54:26.611+0000][2.505s] GC(2) Using 2 workers of 2 for marking
[2023-06-22T06:54:26.618+0000][2.513s] GC(2) Concurrent Mark From Roots 7.854ms
[2023-06-22T06:54:26.619+0000][2.514s] GC(2) Concurrent Preclean
[2023-06-22T06:54:26.620+0000][2.514s] GC(2) Concurrent Preclean 0.449ms
[2023-06-22T06:54:26.620+0000][2.514s] GC(2) Concurrent Mark (2.505s, 2.514s) 9.843ms
[2023-06-22T06:54:26.621+0000][2.515s] GC(2) Pause Remark
[2023-06-22T06:54:26.632+0000][2.526s] GC(2) Cleaned string and symbol table, strings: 8887 processed, 0 removed, symbols: 60715 processed, 40 removed
[2023-06-22T06:54:26.632+0000][2.527s] GC(2) Pause Remark 25M->25M(512M) 11.563ms
[2023-06-22T06:54:26.633+0000][2.527s] GC(2) User=0.03s Sys=0.01s Real=0.01s
[2023-06-22T06:54:26.633+0000][2.528s] GC(2) Concurrent Rebuild Remembered Sets
[2023-06-22T06:54:26.636+0000][2.530s] GC(2) Concurrent Rebuild Remembered Sets 2.407ms
[2023-06-22T06:54:26.637+0000][2.531s] GC(2) Pause Cleanup
[2023-06-22T06:54:26.637+0000][2.532s] GC(2) Pause Cleanup 25M->25M(512M) 0.510ms
[2023-06-22T06:54:26.638+0000][2.532s] GC(2) User=0.00s Sys=0.00s Real=0.01s
[2023-06-22T06:54:26.638+0000][2.532s] GC(2) Concurrent Cleanup for Next Mark
[2023-06-22T06:54:26.639+0000][2.533s] GC(2) Concurrent Cleanup for Next Mark 0.654ms
[2023-06-22T06:54:26.639+0000][2.534s] GC(2) Concurrent Cycle 34.921ms
[2023-06-22T06:54:27.550+0000][3.444s] GC(3) Pause Young (Normal) (G1 Evacuation Pause)
[2023-06-22T06:54:27.551+0000][3.445s] GC(3) Using 6 workers of 6 for evacuation
[2023-06-22T06:54:27.582+0000][3.477s] GC(3)   Pre Evacuate Collection Set: 0.0ms
[2023-06-22T06:54:27.583+0000][3.477s] GC(3)   Evacuate Collection Set: 29.4ms
[2023-06-22T06:54:27.583+0000][3.478s] GC(3)   Post Evacuate Collection Set: 1.5ms
[2023-06-22T06:54:27.584+0000][3.478s] GC(3)   Other: 1.8ms
[2023-06-22T06:54:27.585+0000][3.479s] GC(3) Eden regions: 64->0(131)
[2023-06-22T06:54:27.585+0000][3.480s] GC(3) Survivor regions: 20->5(11)
[2023-06-22T06:54:27.586+0000][3.481s] GC(3) Old regions: 2->21
[2023-06-22T06:54:27.587+0000][3.481s] GC(3) Humongous regions: 4->4
[2023-06-22T06:54:27.587+0000][3.481s] GC(3) Metaspace: 27252K(28416K)->27252K(28416K) NonClass: 24014K(24832K)->24014K(24832K) Class: 3237K(3584K)->3237K(3584K)
[2023-06-22T06:54:27.587+0000][3.482s] GC(3) Pause Young (Normal) (G1 Evacuation Pause) 88M->28M(512M) 37.630ms
[2023-06-22T06:54:27.590+0000][3.485s] GC(3) User=0.12s Sys=0.03s Real=0.04s
[2023-06-22T06:54:28.734+0000][4.629s] GC(4) Pause Young (Concurrent Start) (Metadata GC Threshold)
[2023-06-22T06:54:28.735+0000][4.630s] GC(4) Using 6 workers of 6 for evacuation
[2023-06-22T06:54:28.746+0000][4.640s] GC(4)   Pre Evacuate Collection Set: 0.1ms
[2023-06-22T06:54:28.747+0000][4.641s] GC(4)   Evacuate Collection Set: 8.7ms
[2023-06-22T06:54:28.747+0000][4.642s] GC(4)   Post Evacuate Collection Set: 0.9ms
[2023-06-22T06:54:28.748+0000][4.642s] GC(4)   Other: 1.8ms
[2023-06-22T06:54:28.748+0000][4.643s] GC(4) Eden regions: 75->0(151)
[2023-06-22T06:54:28.748+0000][4.643s] GC(4) Survivor regions: 5->6(17)
[2023-06-22T06:54:28.749+0000][4.643s] GC(4) Old regions: 21->21
[2023-06-22T06:54:28.749+0000][4.644s] GC(4) Humongous regions: 4->4
[2023-06-22T06:54:28.750+0000][4.644s] GC(4) Metaspace: 34522K(35840K)->34522K(35840K) NonClass: 30321K(31232K)->30321K(31232K) Class: 4200K(4608K)->4200K(4608K)
[2023-06-22T06:54:28.750+0000][4.645s] GC(4) Pause Young (Concurrent Start) (Metadata GC Threshold) 103M->29M(512M) 15.866ms
[2023-06-22T06:54:28.751+0000][4.645s] GC(4) User=0.04s Sys=0.00s Real=0.02s
[2023-06-22T06:54:28.751+0000][4.645s] GC(5) Concurrent Cycle
[2023-06-22T06:54:28.751+0000][4.646s] GC(5) Concurrent Clear Claimed Marks
[2023-06-22T06:54:28.752+0000][4.646s] GC(5) Concurrent Clear Claimed Marks 0.531ms
[2023-06-22T06:54:28.753+0000][4.647s] GC(5) Concurrent Scan Root Regions
[2023-06-22T06:54:28.761+0000][4.655s] GC(5) Concurrent Scan Root Regions 8.337ms
[2023-06-22T06:54:28.761+0000][4.656s] GC(5) Concurrent Mark (4.656s)
[2023-06-22T06:54:28.762+0000][4.656s] GC(5) Concurrent Mark From Roots
[2023-06-22T06:54:28.762+0000][4.656s] GC(5) Using 2 workers of 2 for marking
[2023-06-22T06:54:28.800+0000][4.695s] GC(5) Concurrent Mark From Roots 38.733ms
[2023-06-22T06:54:28.801+0000][4.696s] GC(5) Concurrent Preclean
[2023-06-22T06:54:28.803+0000][4.697s] GC(5) Concurrent Preclean 1.060ms
[2023-06-22T06:54:28.804+0000][4.699s] GC(5) Concurrent Mark (4.656s, 4.699s) 43.204ms
[2023-06-22T06:54:28.808+0000][4.702s] GC(5) Pause Remark
[2023-06-22T06:54:28.816+0000][4.710s] GC(5) Cleaned string and symbol table, strings: 15704 processed, 27 removed, symbols: 101914 processed, 125 removed
[2023-06-22T06:54:28.817+0000][4.711s] GC(5) Pause Remark 32M->32M(512M) 8.847ms
[2023-06-22T06:54:28.818+0000][4.712s] GC(5) User=0.03s Sys=0.01s Real=0.01s
[2023-06-22T06:54:28.818+0000][4.713s] GC(5) Concurrent Rebuild Remembered Sets
[2023-06-22T06:54:28.835+0000][4.730s] GC(5) Concurrent Rebuild Remembered Sets 16.934ms
[2023-06-22T06:54:28.837+0000][4.732s] GC(5) Pause Cleanup
[2023-06-22T06:54:28.838+0000][4.732s] GC(5) Pause Cleanup 32M->32M(512M) 0.735ms
[2023-06-22T06:54:28.839+0000][4.733s] GC(5) User=0.01s Sys=0.00s Real=0.01s
[2023-06-22T06:54:28.839+0000][4.734s] GC(5) Concurrent Cleanup for Next Mark
[2023-06-22T06:54:28.840+0000][4.735s] GC(5) Concurrent Cleanup for Next Mark 1.067ms
[2023-06-22T06:54:28.841+0000][4.735s] GC(5) Concurrent Cycle 89.834ms
[2023-06-22T06:54:30.032+0000][5.926s] GC(6) Pause Young (Normal) (G1 Evacuation Pause)
[2023-06-22T06:54:30.032+0000][5.927s] GC(6) Using 6 workers of 6 for evacuation
[2023-06-22T06:54:30.041+0000][5.935s] GC(6)   Pre Evacuate Collection Set: 0.0ms
[2023-06-22T06:54:30.041+0000][5.936s] GC(6)   Evacuate Collection Set: 7.2ms
[2023-06-22T06:54:30.042+0000][5.936s] GC(6)   Post Evacuate Collection Set: 0.8ms
[2023-06-22T06:54:30.042+0000][5.937s] GC(6)   Other: 1.1ms
[2023-06-22T06:54:30.043+0000][5.937s] GC(6) Eden regions: 151->0(211)
[2023-06-22T06:54:30.043+0000][5.937s] GC(6) Survivor regions: 6->12(20)
[2023-06-22T06:54:30.043+0000][5.938s] GC(6) Old regions: 21->21
[2023-06-22T06:54:30.044+0000][5.938s] GC(6) Humongous regions: 5->4
[2023-06-22T06:54:30.044+0000][5.939s] GC(6) Metaspace: 42787K(44364K)->42787K(44364K) NonClass: 37555K(38604K)->37555K(38604K) Class: 5232K(5760K)->5232K(5760K)
[2023-06-22T06:54:30.044+0000][5.939s] GC(6) Pause Young (Normal) (G1 Evacuation Pause) 181M->35M(512M) 12.557ms
[2023-06-22T06:54:30.045+0000][5.939s] GC(6) User=0.05s Sys=0.01s Real=0.01s
[2023-06-22T13:15:36.330+0000][22872.225s] GC(7) Pause Young (Normal) (G1 Evacuation Pause)
[2023-06-22T13:15:36.330+0000][22872.225s] GC(7) Using 6 workers of 6 for evacuation
[2023-06-22T13:15:36.339+0000][22872.234s] GC(7)   Pre Evacuate Collection Set: 0.0ms
[2023-06-22T13:15:36.339+0000][22872.234s] GC(7)   Evacuate Collection Set: 7.0ms
[2023-06-22T13:15:36.340+0000][22872.235s] GC(7)   Post Evacuate Collection Set: 0.6ms
[2023-06-22T13:15:36.340+0000][22872.235s] GC(7)   Other: 1.2ms
[2023-06-22T13:15:36.341+0000][22872.236s] GC(7) Eden regions: 211->0(293)
[2023-06-22T13:15:36.341+0000][22872.236s] GC(7) Survivor regions: 12->14(28)
[2023-06-22T13:15:36.342+0000][22872.237s] GC(7) Old regions: 21->21
[2023-06-22T13:15:36.342+0000][22872.237s] GC(7) Humongous regions: 4->4
[2023-06-22T13:15:36.342+0000][22872.237s] GC(7) Metaspace: 45684K(47052K)->45684K(47052K) NonClass: 40150K(40908K)->40150K(40908K) Class: 5534K(6144K)->5534K(6144K)
[2023-06-22T13:15:36.343+0000][22872.238s] GC(7) Pause Young (Normal) (G1 Evacuation Pause) 246M->37M(512M) 12.912ms
[2023-06-22T13:15:36.343+0000][22872.238s] GC(7) User=0.04s Sys=0.01s Real=0.01s
