[2023-06-23T03:27:36.690+0000][0.041s] Heap region size: 1M
[2023-06-23T03:27:36.710+0000][0.061s] Using G1
[2023-06-23T03:27:36.711+0000][0.062s] Heap address: 0x00000000e0000000, size: 512 MB, Compressed Oops mode: 32-bit
[2023-06-23T03:27:36.711+0000][0.063s] Mark closed archive regions in map: [0x00000000ffe00000, 0x00000000ffe65ff8]
[2023-06-23T03:27:36.712+0000][0.063s] Mark open archive regions in map: [0x00000000ffc00000, 0x00000000ffc41ff8]
[2023-06-23T03:27:37.141+0000][0.492s] GC(0) Pause Young (Normal) (G1 Evacuation Pause)
[2023-06-23T03:27:37.142+0000][0.493s] GC(0) Using 6 workers of 6 for evacuation
[2023-06-23T03:27:37.149+0000][0.501s] GC(0)   Pre Evacuate Collection Set: 0.0ms
[2023-06-23T03:27:37.150+0000][0.501s] GC(0)   Evacuate Collection Set: 6.3ms
[2023-06-23T03:27:37.151+0000][0.502s] GC(0)   Post Evacuate Collection Set: 0.7ms
[2023-06-23T03:27:37.151+0000][0.502s] GC(0)   Other: 1.9ms
[2023-06-23T03:27:37.152+0000][0.503s] GC(0) Eden regions: 27->0(303)
[2023-06-23T03:27:37.152+0000][0.503s] GC(0) Survivor regions: 0->4(4)
[2023-06-23T03:27:37.152+0000][0.504s] GC(0) Old regions: 2->2
[2023-06-23T03:27:37.153+0000][0.504s] GC(0) Humongous regions: 0->0
[2023-06-23T03:27:37.153+0000][0.504s] GC(0) Metaspace: 7942K(8576K)->7942K(8576K) NonClass: 6974K(7424K)->6974K(7424K) Class: 968K(1152K)->968K(1152K)
[2023-06-23T03:27:37.153+0000][0.505s] GC(0) Pause Young (Normal) (G1 Evacuation Pause) 27M->3M(512M) 12.849ms
[2023-06-23T03:27:37.154+0000][0.505s] GC(0) User=0.05s Sys=0.00s Real=0.01s
[2023-06-23T03:27:37.886+0000][1.237s] GC(1) Pause Young (Concurrent Start) (Metadata GC Threshold)
[2023-06-23T03:27:37.887+0000][1.238s] GC(1) Using 6 workers of 6 for evacuation
[2023-06-23T03:27:37.900+0000][1.251s] GC(1)   Pre Evacuate Collection Set: 0.0ms
[2023-06-23T03:27:37.901+0000][1.252s] GC(1)   Evacuate Collection Set: 12.1ms
[2023-06-23T03:27:37.901+0000][1.253s] GC(1)   Post Evacuate Collection Set: 0.8ms
[2023-06-23T03:27:37.902+0000][1.253s] GC(1)   Other: 1.5ms
[2023-06-23T03:27:37.903+0000][1.254s] GC(1) Eden regions: 90->0(78)
[2023-06-23T03:27:37.903+0000][1.254s] GC(1) Survivor regions: 4->19(39)
[2023-06-23T03:27:37.904+0000][1.255s] GC(1) Old regions: 2->2
[2023-06-23T03:27:37.904+0000][1.255s] GC(1) Humongous regions: 4->4
[2023-06-23T03:27:37.905+0000][1.256s] GC(1) Metaspace: 20458K(21248K)->20458K(21248K) NonClass: 18031K(18432K)->18031K(18432K) Class: 2426K(2816K)->2426K(2816K)
[2023-06-23T03:27:37.905+0000][1.256s] GC(1) Pause Young (Concurrent Start) (Metadata GC Threshold) 97M->23M(512M) 19.276ms
[2023-06-23T03:27:37.905+0000][1.257s] GC(1) User=0.04s Sys=0.01s Real=0.01s
[2023-06-23T03:27:37.906+0000][1.257s] GC(2) Concurrent Cycle
[2023-06-23T03:27:37.906+0000][1.258s] GC(2) Concurrent Clear Claimed Marks
[2023-06-23T03:27:37.907+0000][1.258s] GC(2) Concurrent Clear Claimed Marks 0.303ms
[2023-06-23T03:27:37.907+0000][1.258s] GC(2) Concurrent Scan Root Regions
[2023-06-23T03:27:37.910+0000][1.261s] GC(2) Concurrent Scan Root Regions 3.066ms
[2023-06-23T03:27:37.910+0000][1.262s] GC(2) Concurrent Mark (1.262s)
[2023-06-23T03:27:37.911+0000][1.262s] GC(2) Concurrent Mark From Roots
[2023-06-23T03:27:37.911+0000][1.263s] GC(2) Using 2 workers of 2 for marking
[2023-06-23T03:27:37.917+0000][1.268s] GC(2) Concurrent Mark From Roots 6.472ms
[2023-06-23T03:27:37.918+0000][1.269s] GC(2) Concurrent Preclean
[2023-06-23T03:27:37.918+0000][1.269s] GC(2) Concurrent Preclean 0.399ms
[2023-06-23T03:27:37.918+0000][1.270s] GC(2) Concurrent Mark (1.262s, 1.270s) 8.006ms
[2023-06-23T03:27:37.919+0000][1.270s] GC(2) Pause Remark
[2023-06-23T03:27:37.925+0000][1.276s] GC(2) Cleaned string and symbol table, strings: 8893 processed, 0 removed, symbols: 60715 processed, 40 removed
[2023-06-23T03:27:37.926+0000][1.277s] GC(2) Pause Remark 24M->24M(512M) 7.023ms
[2023-06-23T03:27:37.927+0000][1.278s] GC(2) User=0.03s Sys=0.00s Real=0.01s
[2023-06-23T03:27:37.927+0000][1.279s] GC(2) Concurrent Rebuild Remembered Sets
[2023-06-23T03:27:37.929+0000][1.281s] GC(2) Concurrent Rebuild Remembered Sets 2.145ms
[2023-06-23T03:27:37.931+0000][1.282s] GC(2) Pause Cleanup
[2023-06-23T03:27:37.932+0000][1.283s] GC(2) Pause Cleanup 24M->24M(512M) 0.720ms
[2023-06-23T03:27:37.932+0000][1.284s] GC(2) User=0.00s Sys=0.00s Real=0.00s
[2023-06-23T03:27:37.933+0000][1.284s] GC(2) Concurrent Cleanup for Next Mark
[2023-06-23T03:27:37.933+0000][1.285s] GC(2) Concurrent Cleanup for Next Mark 0.674ms
[2023-06-23T03:27:37.934+0000][1.285s] GC(2) Concurrent Cycle 28.074ms
[2023-06-23T03:27:38.513+0000][1.865s] GC(3) Pause Young (Normal) (G1 Evacuation Pause)
[2023-06-23T03:27:38.514+0000][1.866s] GC(3) Using 6 workers of 6 for evacuation
[2023-06-23T03:27:38.535+0000][1.886s] GC(3)   Pre Evacuate Collection Set: 0.0ms
[2023-06-23T03:27:38.536+0000][1.887s] GC(3)   Evacuate Collection Set: 18.2ms
[2023-06-23T03:27:38.537+0000][1.888s] GC(3)   Post Evacuate Collection Set: 1.8ms
[2023-06-23T03:27:38.538+0000][1.889s] GC(3)   Other: 1.7ms
[2023-06-23T03:27:38.538+0000][1.890s] GC(3) Eden regions: 66->0(120)
[2023-06-23T03:27:38.539+0000][1.890s] GC(3) Survivor regions: 19->5(11)
[2023-06-23T03:27:38.539+0000][1.891s] GC(3) Old regions: 2->21
[2023-06-23T03:27:38.540+0000][1.891s] GC(3) Humongous regions: 4->4
[2023-06-23T03:27:38.541+0000][1.892s] GC(3) Metaspace: 28969K(30208K)->28969K(30208K) NonClass: 25523K(26368K)->25523K(26368K) Class: 3446K(3840K)->3446K(3840K)
[2023-06-23T03:27:38.541+0000][1.892s] GC(3) Pause Young (Normal) (G1 Evacuation Pause) 89M->27M(512M) 27.569ms
[2023-06-23T03:27:38.542+0000][1.893s] GC(3) User=0.10s Sys=0.01s Real=0.03s
[2023-06-23T03:27:39.244+0000][2.596s] GC(4) Pause Young (Concurrent Start) (Metadata GC Threshold)
[2023-06-23T03:27:39.245+0000][2.596s] GC(4) Using 6 workers of 6 for evacuation
[2023-06-23T03:27:39.251+0000][2.603s] GC(4)   Pre Evacuate Collection Set: 0.1ms
[2023-06-23T03:27:39.252+0000][2.603s] GC(4)   Evacuate Collection Set: 4.4ms
[2023-06-23T03:27:39.253+0000][2.604s] GC(4)   Post Evacuate Collection Set: 0.9ms
[2023-06-23T03:27:39.254+0000][2.605s] GC(4)   Other: 1.7ms
[2023-06-23T03:27:39.254+0000][2.606s] GC(4) Eden regions: 63->0(196)
[2023-06-23T03:27:39.255+0000][2.606s] GC(4) Survivor regions: 5->6(16)
[2023-06-23T03:27:39.255+0000][2.607s] GC(4) Old regions: 21->21
[2023-06-23T03:27:39.256+0000][2.607s] GC(4) Humongous regions: 4->4
[2023-06-23T03:27:39.256+0000][2.608s] GC(4) Metaspace: 34554K(35840K)->34554K(35840K) NonClass: 30354K(31232K)->30354K(31232K) Class: 4200K(4608K)->4200K(4608K)
[2023-06-23T03:27:39.257+0000][2.608s] GC(4) Pause Young (Concurrent Start) (Metadata GC Threshold) 90M->28M(512M) 12.457ms
[2023-06-23T03:27:39.257+0000][2.608s] GC(4) User=0.03s Sys=0.00s Real=0.02s
[2023-06-23T03:27:39.258+0000][2.609s] GC(5) Concurrent Cycle
[2023-06-23T03:27:39.258+0000][2.609s] GC(5) Concurrent Clear Claimed Marks
[2023-06-23T03:27:39.259+0000][2.610s] GC(5) Concurrent Clear Claimed Marks 0.604ms
[2023-06-23T03:27:39.259+0000][2.610s] GC(5) Concurrent Scan Root Regions
[2023-06-23T03:27:39.262+0000][2.613s] GC(5) Concurrent Scan Root Regions 2.458ms
[2023-06-23T03:27:39.262+0000][2.614s] GC(5) Concurrent Mark (2.614s)
[2023-06-23T03:27:39.263+0000][2.614s] GC(5) Concurrent Mark From Roots
[2023-06-23T03:27:39.263+0000][2.614s] GC(5) Using 2 workers of 2 for marking
[2023-06-23T03:27:39.282+0000][2.634s] GC(5) Concurrent Mark From Roots 19.553ms
[2023-06-23T03:27:39.283+0000][2.634s] GC(5) Concurrent Preclean
[2023-06-23T03:27:39.284+0000][2.635s] GC(5) Concurrent Preclean 0.873ms
[2023-06-23T03:27:39.284+0000][2.636s] GC(5) Concurrent Mark (2.614s, 2.636s) 22.106ms
[2023-06-23T03:27:39.285+0000][2.637s] GC(5) Pause Remark
[2023-06-23T03:27:39.291+0000][2.642s] GC(5) Cleaned string and symbol table, strings: 15710 processed, 27 removed, symbols: 101913 processed, 125 removed
[2023-06-23T03:27:39.292+0000][2.643s] GC(5) Pause Remark 31M->31M(512M) 6.864ms
[2023-06-23T03:27:39.293+0000][2.644s] GC(5) User=0.02s Sys=0.00s Real=0.01s
[2023-06-23T03:27:39.293+0000][2.645s] GC(5) Concurrent Rebuild Remembered Sets
[2023-06-23T03:27:39.302+0000][2.653s] GC(5) Concurrent Rebuild Remembered Sets 8.187ms
[2023-06-23T03:27:39.303+0000][2.654s] GC(5) Pause Cleanup
[2023-06-23T03:27:39.304+0000][2.655s] GC(5) Pause Cleanup 32M->32M(512M) 0.862ms
[2023-06-23T03:27:39.304+0000][2.656s] GC(5) User=0.00s Sys=0.00s Real=0.00s
[2023-06-23T03:27:39.305+0000][2.656s] GC(5) Concurrent Cleanup for Next Mark
[2023-06-23T03:27:39.306+0000][2.658s] GC(5) Concurrent Cleanup for Next Mark 1.264ms
[2023-06-23T03:27:39.307+0000][2.658s] GC(5) Concurrent Cycle 49.215ms
[2023-06-23T03:44:39.234+0000][1022.586s] Heap
[2023-06-23T03:44:39.235+0000][1022.586s]  garbage-first heap   total 524288K, used 236407K [0x00000000e0000000, 0x0000000100000000)
[2023-06-23T03:44:39.236+0000][1022.587s]   region size 1024K, 209 young (214016K), 6 survivors (6144K)
[2023-06-23T03:44:39.236+0000][1022.587s]  Metaspace       used 47363K, capacity 48571K, committed 48844K, reserved 1091584K
[2023-06-23T03:44:39.237+0000][1022.588s]   class space    used 5778K, capacity 6292K, committed 6400K, reserved 1048576K
