[2023-06-23T03:44:45.674+0000][0.025s] Heap region size: 1M
[2023-06-23T03:44:45.696+0000][0.047s] Using G1
[2023-06-23T03:44:45.696+0000][0.048s] Heap address: 0x00000000e0000000, size: 512 MB, Compressed Oops mode: 32-bit
[2023-06-23T03:44:45.697+0000][0.048s] Mark closed archive regions in map: [0x00000000ffe00000, 0x00000000ffe65ff8]
[2023-06-23T03:44:45.698+0000][0.049s] Mark open archive regions in map: [0x00000000ffc00000, 0x00000000ffc41ff8]
[2023-06-23T03:44:46.226+0000][0.578s] GC(0) Pause Young (Normal) (G1 Evacuation Pause)
[2023-06-23T03:44:46.228+0000][0.579s] GC(0) Using 6 workers of 6 for evacuation
[2023-06-23T03:44:46.239+0000][0.591s] GC(0)   Pre Evacuate Collection Set: 0.0ms
[2023-06-23T03:44:46.240+0000][0.591s] GC(0)   Evacuate Collection Set: 10.6ms
[2023-06-23T03:44:46.240+0000][0.592s] GC(0)   Post Evacuate Collection Set: 0.6ms
[2023-06-23T03:44:46.241+0000][0.592s] GC(0)   Other: 1.7ms
[2023-06-23T03:44:46.241+0000][0.592s] GC(0) Eden regions: 27->0(303)
[2023-06-23T03:44:46.241+0000][0.593s] GC(0) Survivor regions: 0->4(4)
[2023-06-23T03:44:46.242+0000][0.593s] GC(0) Old regions: 2->2
[2023-06-23T03:44:46.242+0000][0.593s] GC(0) Humongous regions: 0->0
[2023-06-23T03:44:46.243+0000][0.594s] GC(0) Metaspace: 7917K(8576K)->7917K(8576K) NonClass: 6951K(7424K)->6951K(7424K) Class: 965K(1152K)->965K(1152K)
[2023-06-23T03:44:46.243+0000][0.594s] GC(0) Pause Young (Normal) (G1 Evacuation Pause) 27M->3M(512M) 16.603ms
[2023-06-23T03:44:46.243+0000][0.595s] GC(0) User=0.07s Sys=0.01s Real=0.01s
[2023-06-23T03:44:47.284+0000][1.635s] GC(1) Pause Young (Concurrent Start) (Metadata GC Threshold)
[2023-06-23T03:44:47.284+0000][1.636s] GC(1) Using 6 workers of 6 for evacuation
[2023-06-23T03:44:47.299+0000][1.650s] GC(1)   Pre Evacuate Collection Set: 0.0ms
[2023-06-23T03:44:47.300+0000][1.651s] GC(1)   Evacuate Collection Set: 13.2ms
[2023-06-23T03:44:47.300+0000][1.651s] GC(1)   Post Evacuate Collection Set: 0.9ms
[2023-06-23T03:44:47.300+0000][1.651s] GC(1)   Other: 1.0ms
[2023-06-23T03:44:47.301+0000][1.652s] GC(1) Eden regions: 89->0(77)
[2023-06-23T03:44:47.301+0000][1.652s] GC(1) Survivor regions: 4->19(39)
[2023-06-23T03:44:47.301+0000][1.652s] GC(1) Old regions: 2->2
[2023-06-23T03:44:47.301+0000][1.653s] GC(1) Humongous regions: 4->4
[2023-06-23T03:44:47.302+0000][1.653s] GC(1) Metaspace: 20371K(21248K)->20371K(21248K) NonClass: 17946K(18432K)->17946K(18432K) Class: 2424K(2816K)->2424K(2816K)
[2023-06-23T03:44:47.302+0000][1.653s] GC(1) Pause Young (Concurrent Start) (Metadata GC Threshold) 96M->23M(512M) 18.105ms
[2023-06-23T03:44:47.303+0000][1.654s] GC(1) User=0.04s Sys=0.02s Real=0.02s
[2023-06-23T03:44:47.303+0000][1.654s] GC(2) Concurrent Cycle
[2023-06-23T03:44:47.303+0000][1.655s] GC(2) Concurrent Clear Claimed Marks
[2023-06-23T03:44:47.304+0000][1.655s] GC(2) Concurrent Clear Claimed Marks 0.290ms
[2023-06-23T03:44:47.304+0000][1.655s] GC(2) Concurrent Scan Root Regions
[2023-06-23T03:44:47.308+0000][1.659s] GC(2) Concurrent Scan Root Regions 3.862ms
[2023-06-23T03:44:47.308+0000][1.659s] GC(2) Concurrent Mark (1.659s)
[2023-06-23T03:44:47.308+0000][1.660s] GC(2) Concurrent Mark From Roots
[2023-06-23T03:44:47.309+0000][1.660s] GC(2) Using 2 workers of 2 for marking
[2023-06-23T03:44:47.313+0000][1.664s] GC(2) Concurrent Mark From Roots 4.458ms
[2023-06-23T03:44:47.313+0000][1.664s] GC(2) Concurrent Preclean
[2023-06-23T03:44:47.314+0000][1.665s] GC(2) Concurrent Preclean 0.845ms
[2023-06-23T03:44:47.315+0000][1.666s] GC(2) Concurrent Mark (1.659s, 1.666s) 6.293ms
[2023-06-23T03:44:47.315+0000][1.666s] GC(2) Pause Remark
[2023-06-23T03:44:47.323+0000][1.674s] GC(2) Cleaned string and symbol table, strings: 8881 processed, 0 removed, symbols: 60715 processed, 40 removed
[2023-06-23T03:44:47.324+0000][1.675s] GC(2) Pause Remark 24M->24M(512M) 8.541ms
[2023-06-23T03:44:47.324+0000][1.675s] GC(2) User=0.02s Sys=0.00s Real=0.01s
[2023-06-23T03:44:47.324+0000][1.676s] GC(2) Concurrent Rebuild Remembered Sets
[2023-06-23T03:44:47.327+0000][1.679s] GC(2) Concurrent Rebuild Remembered Sets 2.943ms
[2023-06-23T03:44:47.329+0000][1.680s] GC(2) Pause Cleanup
[2023-06-23T03:44:47.329+0000][1.680s] GC(2) Pause Cleanup 24M->24M(512M) 0.632ms
[2023-06-23T03:44:47.329+0000][1.681s] GC(2) User=0.00s Sys=0.00s Real=0.00s
[2023-06-23T03:44:47.330+0000][1.681s] GC(2) Concurrent Cleanup for Next Mark
[2023-06-23T03:44:47.331+0000][1.682s] GC(2) Concurrent Cleanup for Next Mark 1.104ms
[2023-06-23T03:44:47.332+0000][1.683s] GC(2) Concurrent Cycle 29.121ms
[2023-06-23T03:44:48.128+0000][2.480s] GC(3) Pause Young (Normal) (G1 Evacuation Pause)
[2023-06-23T03:44:48.129+0000][2.481s] GC(3) Using 6 workers of 6 for evacuation
[2023-06-23T03:44:48.167+0000][2.518s] GC(3)   Pre Evacuate Collection Set: 0.0ms
[2023-06-23T03:44:48.172+0000][2.523s] GC(3)   Evacuate Collection Set: 28.2ms
[2023-06-23T03:44:48.172+0000][2.524s] GC(3)   Post Evacuate Collection Set: 8.1ms
[2023-06-23T03:44:48.173+0000][2.524s] GC(3)   Other: 2.3ms
[2023-06-23T03:44:48.173+0000][2.524s] GC(3) Eden regions: 63->0(110)
[2023-06-23T03:44:48.173+0000][2.525s] GC(3) Survivor regions: 19->5(11)
[2023-06-23T03:44:48.174+0000][2.525s] GC(3) Old regions: 2->21
[2023-06-23T03:44:48.174+0000][2.526s] GC(3) Humongous regions: 4->4
[2023-06-23T03:44:48.175+0000][2.526s] GC(3) Metaspace: 28505K(29568K)->28505K(29568K) NonClass: 25096K(25856K)->25096K(25856K) Class: 3408K(3712K)->3408K(3712K)
[2023-06-23T03:44:48.175+0000][2.526s] GC(3) Pause Young (Normal) (G1 Evacuation Pause) 86M->27M(512M) 46.762ms
[2023-06-23T03:44:48.176+0000][2.527s] GC(3) User=0.17s Sys=0.02s Real=0.05s
[2023-06-23T03:44:48.974+0000][3.326s] GC(4) Pause Young (Concurrent Start) (Metadata GC Threshold)
[2023-06-23T03:44:48.975+0000][3.326s] GC(4) Using 6 workers of 6 for evacuation
[2023-06-23T03:44:48.987+0000][3.338s] GC(4)   Pre Evacuate Collection Set: 0.1ms
[2023-06-23T03:44:48.987+0000][3.339s] GC(4)   Evacuate Collection Set: 10.4ms
[2023-06-23T03:44:48.988+0000][3.339s] GC(4)   Post Evacuate Collection Set: 0.8ms
[2023-06-23T03:44:48.988+0000][3.339s] GC(4)   Other: 1.3ms
[2023-06-23T03:44:48.988+0000][3.340s] GC(4) Eden regions: 69->0(158)
[2023-06-23T03:44:48.993+0000][3.344s] GC(4) Survivor regions: 5->6(15)
[2023-06-23T03:44:48.993+0000][3.344s] GC(4) Old regions: 21->21
[2023-06-23T03:44:48.993+0000][3.345s] GC(4) Humongous regions: 4->4
[2023-06-23T03:44:48.994+0000][3.345s] GC(4) Metaspace: 34673K(35840K)->34673K(35840K) NonClass: 30452K(31104K)->30452K(31104K) Class: 4221K(4736K)->4221K(4736K)
[2023-06-23T03:44:48.994+0000][3.345s] GC(4) Pause Young (Concurrent Start) (Metadata GC Threshold) 96M->29M(512M) 19.509ms
[2023-06-23T03:44:48.994+0000][3.346s] GC(4) User=0.04s Sys=0.00s Real=0.02s
[2023-06-23T03:44:48.995+0000][3.346s] GC(5) Concurrent Cycle
[2023-06-23T03:44:48.995+0000][3.346s] GC(5) Concurrent Clear Claimed Marks
[2023-06-23T03:44:48.996+0000][3.347s] GC(5) Concurrent Clear Claimed Marks 0.492ms
[2023-06-23T03:44:48.996+0000][3.347s] GC(5) Concurrent Scan Root Regions
[2023-06-23T03:44:48.999+0000][3.351s] GC(5) Concurrent Scan Root Regions 3.319ms
[2023-06-23T03:44:49.000+0000][3.351s] GC(5) Concurrent Mark (3.351s)
[2023-06-23T03:44:49.001+0000][3.352s] GC(5) Concurrent Mark From Roots
[2023-06-23T03:44:49.001+0000][3.352s] GC(5) Using 2 workers of 2 for marking
[2023-06-23T03:44:49.024+0000][3.375s] GC(5) Concurrent Mark From Roots 23.448ms
[2023-06-23T03:44:49.025+0000][3.376s] GC(5) Concurrent Preclean
[2023-06-23T03:44:49.025+0000][3.377s] GC(5) Concurrent Preclean 0.698ms
[2023-06-23T03:44:49.026+0000][3.377s] GC(5) Concurrent Mark (3.351s, 3.377s) 25.827ms
[2023-06-23T03:44:49.027+0000][3.378s] GC(5) Pause Remark
[2023-06-23T03:44:49.036+0000][3.387s] GC(5) Cleaned string and symbol table, strings: 15688 processed, 27 removed, symbols: 102102 processed, 121 removed
[2023-06-23T03:44:49.037+0000][3.388s] GC(5) Pause Remark 30M->30M(512M) 9.964ms
[2023-06-23T03:44:49.037+0000][3.388s] GC(5) User=0.03s Sys=0.00s Real=0.01s
[2023-06-23T03:44:49.038+0000][3.389s] GC(5) Concurrent Rebuild Remembered Sets
[2023-06-23T03:44:49.055+0000][3.406s] GC(5) Concurrent Rebuild Remembered Sets 17.281ms
[2023-06-23T03:44:49.058+0000][3.409s] GC(5) Pause Cleanup
[2023-06-23T03:44:49.061+0000][3.412s] GC(5) Pause Cleanup 31M->31M(512M) 2.700ms
[2023-06-23T03:44:49.061+0000][3.412s] GC(5) User=0.01s Sys=0.00s Real=0.00s
[2023-06-23T03:44:49.062+0000][3.413s] GC(5) Concurrent Cleanup for Next Mark
[2023-06-23T03:44:49.065+0000][3.416s] GC(5) Concurrent Cleanup for Next Mark 3.172ms
[2023-06-23T03:44:49.065+0000][3.417s] GC(5) Concurrent Cycle 70.685ms
[2023-06-23T03:44:50.716+0000][5.067s] GC(6) Pause Young (Normal) (G1 Evacuation Pause)
[2023-06-23T03:44:50.717+0000][5.068s] GC(6) Using 6 workers of 6 for evacuation
[2023-06-23T03:44:50.732+0000][5.083s] GC(6)   Pre Evacuate Collection Set: 0.0ms
[2023-06-23T03:44:50.733+0000][5.085s] GC(6)   Evacuate Collection Set: 12.1ms
[2023-06-23T03:44:50.735+0000][5.086s] GC(6)   Post Evacuate Collection Set: 2.8ms
[2023-06-23T03:44:50.735+0000][5.086s] GC(6)   Other: 1.4ms
[2023-06-23T03:44:50.736+0000][5.087s] GC(6) Eden regions: 168->0(197)
[2023-06-23T03:44:50.737+0000][5.088s] GC(6) Survivor regions: 6->14(22)
[2023-06-23T03:44:50.739+0000][5.090s] GC(6) Old regions: 21->21
[2023-06-23T03:44:50.741+0000][5.093s] GC(6) Humongous regions: 5->4
[2023-06-23T03:44:50.742+0000][5.093s] GC(6) Metaspace: 45322K(46720K)->45322K(46720K) NonClass: 39796K(40704K)->39796K(40704K) Class: 5526K(6016K)->5526K(6016K)
[2023-06-23T03:44:50.742+0000][5.094s] GC(6) Pause Young (Normal) (G1 Evacuation Pause) 198M->36M(512M) 26.400ms
[2023-06-23T03:44:50.743+0000][5.094s] GC(6) User=0.04s Sys=0.01s Real=0.02s
