[2023-06-22T06:53:07.142+0000][0.026s] Heap region size: 1M
[2023-06-22T06:53:07.164+0000][0.047s] Using G1
[2023-06-22T06:53:07.165+0000][0.048s] Heap address: 0x00000000e0000000, size: 512 MB, Compressed Oops mode: 32-bit
[2023-06-22T06:53:07.166+0000][0.049s] Mark closed archive regions in map: [0x00000000ffe00000, 0x00000000ffe65ff8]
[2023-06-22T06:53:07.166+0000][0.049s] Mark open archive regions in map: [0x00000000ffc00000, 0x00000000ffc41ff8]
[2023-06-22T06:53:08.008+0000][0.891s] GC(0) Pause Young (Normal) (G1 Evacuation Pause)
[2023-06-22T06:53:08.010+0000][0.894s] GC(0) Using 6 workers of 6 for evacuation
[2023-06-22T06:53:08.025+0000][0.909s] GC(0)   Pre Evacuate Collection Set: 0.0ms
[2023-06-22T06:53:08.026+0000][0.909s] GC(0)   Evacuate Collection Set: 11.7ms
[2023-06-22T06:53:08.027+0000][0.910s] GC(0)   Post Evacuate Collection Set: 2.8ms
[2023-06-22T06:53:08.028+0000][0.911s] GC(0)   Other: 3.3ms
[2023-06-22T06:53:08.028+0000][0.911s] GC(0) Eden regions: 27->0(303)
[2023-06-22T06:53:08.030+0000][0.913s] GC(0) Survivor regions: 0->4(4)
[2023-06-22T06:53:08.030+0000][0.914s] GC(0) Old regions: 2->2
[2023-06-22T06:53:08.031+0000][0.914s] GC(0) Humongous regions: 0->0
[2023-06-22T06:53:08.031+0000][0.914s] GC(0) Metaspace: 7923K(8576K)->7923K(8576K) NonClass: 6958K(7424K)->6958K(7424K) Class: 965K(1152K)->965K(1152K)
[2023-06-22T06:53:08.032+0000][0.915s] GC(0) Pause Young (Normal) (G1 Evacuation Pause) 27M->3M(512M) 23.891ms
[2023-06-22T06:53:08.032+0000][0.915s] GC(0) User=0.07s Sys=0.01s Real=0.02s
[2023-06-22T06:53:09.345+0000][2.229s] GC(1) Pause Young (Concurrent Start) (Metadata GC Threshold)
[2023-06-22T06:53:09.346+0000][2.229s] GC(1) Using 6 workers of 6 for evacuation
[2023-06-22T06:53:09.360+0000][2.244s] GC(1)   Pre Evacuate Collection Set: 0.1ms
[2023-06-22T06:53:09.361+0000][2.244s] GC(1)   Evacuate Collection Set: 12.7ms
[2023-06-22T06:53:09.361+0000][2.244s] GC(1)   Post Evacuate Collection Set: 1.5ms
[2023-06-22T06:53:09.362+0000][2.245s] GC(1)   Other: 0.8ms
[2023-06-22T06:53:09.362+0000][2.245s] GC(1) Eden regions: 88->0(76)
[2023-06-22T06:53:09.362+0000][2.246s] GC(1) Survivor regions: 4->20(39)
[2023-06-22T06:53:09.363+0000][2.246s] GC(1) Old regions: 2->2
[2023-06-22T06:53:09.363+0000][2.246s] GC(1) Humongous regions: 4->4
[2023-06-22T06:53:09.363+0000][2.247s] GC(1) Metaspace: 20338K(21248K)->20338K(21248K) NonClass: 17921K(18432K)->17921K(18432K) Class: 2417K(2816K)->2417K(2816K)
[2023-06-22T06:53:09.364+0000][2.247s] GC(1) Pause Young (Concurrent Start) (Metadata GC Threshold) 95M->24M(512M) 18.484ms
[2023-06-22T06:53:09.364+0000][2.247s] GC(1) User=0.05s Sys=0.01s Real=0.02s
[2023-06-22T06:53:09.365+0000][2.248s] GC(2) Concurrent Cycle
[2023-06-22T06:53:09.365+0000][2.248s] GC(2) Concurrent Clear Claimed Marks
[2023-06-22T06:53:09.365+0000][2.249s] GC(2) Concurrent Clear Claimed Marks 0.403ms
[2023-06-22T06:53:09.366+0000][2.249s] GC(2) Concurrent Scan Root Regions
[2023-06-22T06:53:09.370+0000][2.254s] GC(2) Concurrent Scan Root Regions 4.620ms
[2023-06-22T06:53:09.371+0000][2.254s] GC(2) Concurrent Mark (2.254s)
[2023-06-22T06:53:09.371+0000][2.255s] GC(2) Concurrent Mark From Roots
[2023-06-22T06:53:09.372+0000][2.255s] GC(2) Using 2 workers of 2 for marking
[2023-06-22T06:53:09.376+0000][2.259s] GC(2) Concurrent Mark From Roots 4.625ms
[2023-06-22T06:53:09.377+0000][2.260s] GC(2) Concurrent Preclean
[2023-06-22T06:53:09.377+0000][2.260s] GC(2) Concurrent Preclean 0.433ms
[2023-06-22T06:53:09.377+0000][2.261s] GC(2) Concurrent Mark (2.254s, 2.261s) 6.427ms
[2023-06-22T06:53:09.379+0000][2.262s] GC(2) Pause Remark
[2023-06-22T06:53:09.381+0000][2.264s] GC(2) Cleaned string and symbol table, strings: 8883 processed, 0 removed, symbols: 60438 processed, 40 removed
[2023-06-22T06:53:09.382+0000][2.265s] GC(2) Pause Remark 25M->25M(512M) 3.166ms
[2023-06-22T06:53:09.382+0000][2.265s] GC(2) User=0.01s Sys=0.00s Real=0.00s
[2023-06-22T06:53:09.383+0000][2.266s] GC(2) Concurrent Rebuild Remembered Sets
[2023-06-22T06:53:09.385+0000][2.268s] GC(2) Concurrent Rebuild Remembered Sets 2.240ms
[2023-06-22T06:53:09.387+0000][2.270s] GC(2) Pause Cleanup
[2023-06-22T06:53:09.387+0000][2.270s] GC(2) Pause Cleanup 25M->25M(512M) 0.668ms
[2023-06-22T06:53:09.388+0000][2.271s] GC(2) User=0.00s Sys=0.00s Real=0.01s
[2023-06-22T06:53:09.388+0000][2.271s] GC(2) Concurrent Cleanup for Next Mark
[2023-06-22T06:53:09.389+0000][2.272s] GC(2) Concurrent Cleanup for Next Mark 0.844ms
[2023-06-22T06:53:09.390+0000][2.273s] GC(2) Concurrent Cycle 25.116ms
[2023-06-22T06:53:10.574+0000][3.457s] GC(3) Pause Young (Normal) (G1 Evacuation Pause)
[2023-06-22T06:53:10.574+0000][3.458s] GC(3) Using 6 workers of 6 for evacuation
[2023-06-22T06:53:10.602+0000][3.485s] GC(3)   Pre Evacuate Collection Set: 0.0ms
[2023-06-22T06:53:10.603+0000][3.486s] GC(3)   Evacuate Collection Set: 25.5ms
[2023-06-22T06:53:10.603+0000][3.486s] GC(3)   Post Evacuate Collection Set: 1.2ms
[2023-06-22T06:53:10.604+0000][3.487s] GC(3)   Other: 1.3ms
[2023-06-22T06:53:10.604+0000][3.487s] GC(3) Eden regions: 63->0(142)
[2023-06-22T06:53:10.608+0000][3.491s] GC(3) Survivor regions: 20->5(11)
[2023-06-22T06:53:10.608+0000][3.492s] GC(3) Old regions: 2->21
[2023-06-22T06:53:10.609+0000][3.492s] GC(3) Humongous regions: 4->4
[2023-06-22T06:53:10.609+0000][3.493s] GC(3) Metaspace: 28257K(29312K)->28257K(29312K) NonClass: 24885K(25600K)->24885K(25600K) Class: 3371K(3712K)->3371K(3712K)
[2023-06-22T06:53:10.610+0000][3.493s] GC(3) Pause Young (Normal) (G1 Evacuation Pause) 87M->27M(512M) 36.072ms
[2023-06-22T06:53:10.610+0000][3.493s] GC(3) User=0.11s Sys=0.02s Real=0.04s
[2023-06-22T06:53:11.758+0000][4.642s] GC(4) Pause Young (Concurrent Start) (Metadata GC Threshold)
[2023-06-22T06:53:11.759+0000][4.642s] GC(4) Using 6 workers of 6 for evacuation
[2023-06-22T06:53:11.772+0000][4.656s] GC(4)   Pre Evacuate Collection Set: 0.1ms
[2023-06-22T06:53:11.773+0000][4.656s] GC(4)   Evacuate Collection Set: 12.0ms
[2023-06-22T06:53:11.773+0000][4.657s] GC(4)   Post Evacuate Collection Set: 1.0ms
[2023-06-22T06:53:11.774+0000][4.657s] GC(4)   Other: 1.0ms
[2023-06-22T06:53:11.774+0000][4.658s] GC(4) Eden regions: 68->0(262)
[2023-06-22T06:53:11.775+0000][4.658s] GC(4) Survivor regions: 5->6(19)
[2023-06-22T06:53:11.775+0000][4.659s] GC(4) Old regions: 21->21
[2023-06-22T06:53:11.776+0000][4.659s] GC(4) Humongous regions: 4->4
[2023-06-22T06:53:11.776+0000][4.659s] GC(4) Metaspace: 34434K(35840K)->34434K(35840K) NonClass: 30247K(31232K)->30247K(31232K) Class: 4187K(4608K)->4187K(4608K)
[2023-06-22T06:53:11.777+0000][4.660s] GC(4) Pause Young (Concurrent Start) (Metadata GC Threshold) 95M->28M(512M) 18.251ms
[2023-06-22T06:53:11.777+0000][4.660s] GC(4) User=0.02s Sys=0.00s Real=0.01s
[2023-06-22T06:53:11.778+0000][4.661s] GC(5) Concurrent Cycle
[2023-06-22T06:53:11.780+0000][4.663s] GC(5) Concurrent Clear Claimed Marks
[2023-06-22T06:53:11.781+0000][4.664s] GC(5) Concurrent Clear Claimed Marks 1.100ms
[2023-06-22T06:53:11.782+0000][4.665s] GC(5) Concurrent Scan Root Regions
[2023-06-22T06:53:11.787+0000][4.670s] GC(5) Concurrent Scan Root Regions 5.136ms
[2023-06-22T06:53:11.789+0000][4.672s] GC(5) Concurrent Mark (4.672s)
[2023-06-22T06:53:11.789+0000][4.673s] GC(5) Concurrent Mark From Roots
[2023-06-22T06:53:11.790+0000][4.673s] GC(5) Using 2 workers of 2 for marking
[2023-06-22T06:53:11.814+0000][4.697s] GC(5) Concurrent Mark From Roots 24.919ms
[2023-06-22T06:53:11.815+0000][4.698s] GC(5) Concurrent Preclean
[2023-06-22T06:53:11.816+0000][4.699s] GC(5) Concurrent Preclean 0.754ms
[2023-06-22T06:53:11.816+0000][4.699s] GC(5) Concurrent Mark (4.672s, 4.699s) 27.475ms
[2023-06-22T06:53:11.818+0000][4.701s] GC(5) Pause Remark
[2023-06-22T06:53:11.824+0000][4.707s] GC(5) Cleaned string and symbol table, strings: 15232 processed, 27 removed, symbols: 100366 processed, 116 removed
[2023-06-22T06:53:11.825+0000][4.708s] GC(5) Pause Remark 30M->30M(512M) 6.567ms
[2023-06-22T06:53:11.825+0000][4.708s] GC(5) User=0.02s Sys=0.00s Real=0.00s
[2023-06-22T06:53:11.826+0000][4.709s] GC(5) Concurrent Rebuild Remembered Sets
[2023-06-22T06:53:11.837+0000][4.721s] GC(5) Concurrent Rebuild Remembered Sets 11.822ms
[2023-06-22T06:53:11.839+0000][4.722s] GC(5) Pause Cleanup
[2023-06-22T06:53:11.839+0000][4.722s] GC(5) Pause Cleanup 31M->31M(512M) 0.594ms
[2023-06-22T06:53:11.840+0000][4.723s] GC(5) User=0.00s Sys=0.00s Real=0.00s
[2023-06-22T06:53:11.840+0000][4.724s] GC(5) Concurrent Cleanup for Next Mark
[2023-06-22T06:53:11.841+0000][4.725s] GC(5) Concurrent Cleanup for Next Mark 1.024ms
[2023-06-22T06:53:11.842+0000][4.725s] GC(5) Concurrent Cycle 64.435ms
[2023-06-22T06:53:34.304+0000][27.187s] Heap
[2023-06-22T06:53:34.304+0000][27.187s]  garbage-first heap   total 524288K, used 214784K [0x00000000e0000000, 0x0000000100000000)
[2023-06-22T06:53:34.305+0000][27.188s]   region size 1024K, 188 young (192512K), 6 survivors (6144K)
[2023-06-22T06:53:34.305+0000][27.189s]  Metaspace       used 45204K, capacity 46400K, committed 46720K, reserved 1089536K
[2023-06-22T06:53:34.306+0000][27.189s]   class space    used 5515K, capacity 6000K, committed 6016K, reserved 1048576K
