[2023-06-22T06:51:56.564+0000][0.014s] Heap region size: 1M
[2023-06-22T06:51:56.584+0000][0.035s] Using G1
[2023-06-22T06:51:56.585+0000][0.035s] Heap address: 0x00000000e0000000, size: 512 MB, Compressed Oops mode: 32-bit
[2023-06-22T06:51:56.586+0000][0.036s] Mark closed archive regions in map: [0x00000000ffe00000, 0x00000000ffe65ff8]
[2023-06-22T06:51:56.587+0000][0.037s] Mark open archive regions in map: [0x00000000ffc00000, 0x00000000ffc41ff8]
[2023-06-22T06:51:57.789+0000][1.239s] GC(0) Pause Young (Normal) (G1 Evacuation Pause)
[2023-06-22T06:51:57.791+0000][1.241s] GC(0) Using 6 workers of 6 for evacuation
[2023-06-22T06:51:57.808+0000][1.258s] GC(0)   Pre Evacuate Collection Set: 0.0ms
[2023-06-22T06:51:57.809+0000][1.259s] GC(0)   Evacuate Collection Set: 8.8ms
[2023-06-22T06:51:57.810+0000][1.260s] GC(0)   Post Evacuate Collection Set: 7.6ms
[2023-06-22T06:51:57.811+0000][1.261s] GC(0)   Other: 2.4ms
[2023-06-22T06:51:57.812+0000][1.262s] GC(0) Eden regions: 27->0(303)
[2023-06-22T06:51:57.813+0000][1.263s] GC(0) Survivor regions: 0->4(4)
[2023-06-22T06:51:57.814+0000][1.264s] GC(0) Old regions: 2->2
[2023-06-22T06:51:57.814+0000][1.264s] GC(0) Humongous regions: 0->0
[2023-06-22T06:51:57.815+0000][1.265s] GC(0) Metaspace: 8261K(8576K)->8261K(8576K) NonClass: 7252K(7424K)->7252K(7424K) Class: 1009K(1152K)->1009K(1152K)
[2023-06-22T06:51:57.816+0000][1.266s] GC(0) Pause Young (Normal) (G1 Evacuation Pause) 27M->3M(512M) 26.645ms
[2023-06-22T06:51:57.816+0000][1.267s] GC(0) User=0.06s Sys=0.00s Real=0.02s
[2023-06-22T06:51:59.540+0000][2.990s] GC(1) Pause Young (Concurrent Start) (Metadata GC Threshold)
[2023-06-22T06:51:59.540+0000][2.990s] GC(1) Using 6 workers of 6 for evacuation
[2023-06-22T06:51:59.560+0000][3.010s] GC(1)   Pre Evacuate Collection Set: 0.1ms
[2023-06-22T06:51:59.560+0000][3.010s] GC(1)   Evacuate Collection Set: 17.7ms
[2023-06-22T06:51:59.561+0000][3.011s] GC(1)   Post Evacuate Collection Set: 1.2ms
[2023-06-22T06:51:59.561+0000][3.011s] GC(1)   Other: 1.1ms
[2023-06-22T06:51:59.561+0000][3.012s] GC(1) Eden regions: 89->0(77)
[2023-06-22T06:51:59.562+0000][3.012s] GC(1) Survivor regions: 4->20(39)
[2023-06-22T06:51:59.562+0000][3.012s] GC(1) Old regions: 2->2
[2023-06-22T06:51:59.563+0000][3.013s] GC(1) Humongous regions: 4->4
[2023-06-22T06:51:59.563+0000][3.013s] GC(1) Metaspace: 20512K(21296K)->20512K(21296K) NonClass: 18083K(18608K)->18083K(18608K) Class: 2429K(2688K)->2429K(2688K)
[2023-06-22T06:51:59.563+0000][3.013s] GC(1) Pause Young (Concurrent Start) (Metadata GC Threshold) 96M->23M(512M) 23.733ms
[2023-06-22T06:51:59.564+0000][3.014s] GC(1) User=0.05s Sys=0.02s Real=0.02s
[2023-06-22T06:51:59.564+0000][3.014s] GC(2) Concurrent Cycle
[2023-06-22T06:51:59.565+0000][3.015s] GC(2) Concurrent Clear Claimed Marks
[2023-06-22T06:51:59.565+0000][3.015s] GC(2) Concurrent Clear Claimed Marks 0.341ms
[2023-06-22T06:51:59.565+0000][3.015s] GC(2) Concurrent Scan Root Regions
[2023-06-22T06:51:59.570+0000][3.020s] GC(2) Concurrent Scan Root Regions 4.684ms
[2023-06-22T06:51:59.570+0000][3.020s] GC(2) Concurrent Mark (3.020s)
[2023-06-22T06:51:59.571+0000][3.021s] GC(2) Concurrent Mark From Roots
[2023-06-22T06:51:59.571+0000][3.021s] GC(2) Using 2 workers of 2 for marking
[2023-06-22T06:51:59.576+0000][3.026s] GC(2) Concurrent Mark From Roots 5.142ms
[2023-06-22T06:51:59.576+0000][3.027s] GC(2) Concurrent Preclean
[2023-06-22T06:51:59.577+0000][3.027s] GC(2) Concurrent Preclean 0.562ms
[2023-06-22T06:51:59.577+0000][3.027s] GC(2) Concurrent Mark (3.020s, 3.027s) 7.038ms
[2023-06-22T06:51:59.578+0000][3.028s] GC(2) Pause Remark
[2023-06-22T06:51:59.580+0000][3.030s] GC(2) Cleaned string and symbol table, strings: 8885 processed, 0 removed, symbols: 60765 processed, 41 removed
[2023-06-22T06:51:59.581+0000][3.031s] GC(2) Pause Remark 24M->24M(512M) 3.110ms
[2023-06-22T06:51:59.581+0000][3.031s] GC(2) User=0.00s Sys=0.00s Real=0.00s
[2023-06-22T06:51:59.582+0000][3.032s] GC(2) Concurrent Rebuild Remembered Sets
[2023-06-22T06:51:59.584+0000][3.035s] GC(2) Concurrent Rebuild Remembered Sets 2.599ms
[2023-06-22T06:51:59.586+0000][3.036s] GC(2) Pause Cleanup
[2023-06-22T06:51:59.586+0000][3.036s] GC(2) Pause Cleanup 25M->25M(512M) 0.643ms
[2023-06-22T06:51:59.587+0000][3.037s] GC(2) User=0.00s Sys=0.00s Real=0.00s
[2023-06-22T06:51:59.587+0000][3.037s] GC(2) Concurrent Cleanup for Next Mark
[2023-06-22T06:51:59.588+0000][3.038s] GC(2) Concurrent Cleanup for Next Mark 0.848ms
[2023-06-22T06:51:59.589+0000][3.039s] GC(2) Concurrent Cycle 24.618ms
[2023-06-22T06:52:00.749+0000][4.199s] GC(3) Pause Young (Normal) (G1 Evacuation Pause)
[2023-06-22T06:52:00.749+0000][4.199s] GC(3) Using 6 workers of 6 for evacuation
[2023-06-22T06:52:00.765+0000][4.215s] GC(3)   Pre Evacuate Collection Set: 0.0ms
[2023-06-22T06:52:00.766+0000][4.216s] GC(3)   Evacuate Collection Set: 14.8ms
[2023-06-22T06:52:00.766+0000][4.216s] GC(3)   Post Evacuate Collection Set: 0.7ms
[2023-06-22T06:52:00.767+0000][4.217s] GC(3)   Other: 1.0ms
[2023-06-22T06:52:00.767+0000][4.217s] GC(3) Eden regions: 64->0(138)
[2023-06-22T06:52:00.767+0000][4.217s] GC(3) Survivor regions: 20->5(11)
[2023-06-22T06:52:00.768+0000][4.218s] GC(3) Old regions: 2->21
[2023-06-22T06:52:00.768+0000][4.218s] GC(3) Humongous regions: 4->4
[2023-06-22T06:52:00.768+0000][4.219s] GC(3) Metaspace: 28841K(29872K)->28841K(29872K) NonClass: 25410K(26032K)->25410K(26032K) Class: 3430K(3840K)->3430K(3840K)
[2023-06-22T06:52:00.769+0000][4.219s] GC(3) Pause Young (Normal) (G1 Evacuation Pause) 87M->27M(512M) 20.133ms
[2023-06-22T06:52:00.769+0000][4.220s] GC(3) User=0.05s Sys=0.02s Real=0.02s
[2023-06-22T06:52:01.541+0000][4.991s] GC(4) Pause Young (Concurrent Start) (Metadata GC Threshold)
[2023-06-22T06:52:01.541+0000][4.991s] GC(4) Using 6 workers of 6 for evacuation
[2023-06-22T06:52:01.555+0000][5.005s] GC(4)   Pre Evacuate Collection Set: 0.1ms
[2023-06-22T06:52:01.555+0000][5.005s] GC(4)   Evacuate Collection Set: 11.4ms
[2023-06-22T06:52:01.555+0000][5.006s] GC(4)   Post Evacuate Collection Set: 1.4ms
[2023-06-22T06:52:01.556+0000][5.006s] GC(4)   Other: 1.2ms
[2023-06-22T06:52:01.556+0000][5.006s] GC(4) Eden regions: 65->0(218)
[2023-06-22T06:52:01.557+0000][5.007s] GC(4) Survivor regions: 5->6(18)
[2023-06-22T06:52:01.557+0000][5.007s] GC(4) Old regions: 21->21
[2023-06-22T06:52:01.557+0000][5.007s] GC(4) Humongous regions: 4->4
[2023-06-22T06:52:01.558+0000][5.008s] GC(4) Metaspace: 34790K(35888K)->34790K(35888K) NonClass: 30568K(31152K)->30568K(31152K) Class: 4221K(4736K)->4221K(4736K)
[2023-06-22T06:52:01.558+0000][5.008s] GC(4) Pause Young (Concurrent Start) (Metadata GC Threshold) 92M->29M(512M) 17.501ms
[2023-06-22T06:52:01.559+0000][5.009s] GC(4) User=0.05s Sys=0.00s Real=0.02s
[2023-06-22T06:52:01.559+0000][5.009s] GC(5) Concurrent Cycle
[2023-06-22T06:52:01.559+0000][5.009s] GC(5) Concurrent Clear Claimed Marks
[2023-06-22T06:52:01.560+0000][5.010s] GC(5) Concurrent Clear Claimed Marks 0.612ms
[2023-06-22T06:52:01.560+0000][5.010s] GC(5) Concurrent Scan Root Regions
[2023-06-22T06:52:01.564+0000][5.014s] GC(5) Concurrent Scan Root Regions 4.208ms
[2023-06-22T06:52:01.565+0000][5.015s] GC(5) Concurrent Mark (5.015s)
[2023-06-22T06:52:01.565+0000][5.015s] GC(5) Concurrent Mark From Roots
[2023-06-22T06:52:01.565+0000][5.016s] GC(5) Using 2 workers of 2 for marking
[2023-06-22T06:52:01.596+0000][5.047s] GC(5) Concurrent Mark From Roots 31.346ms
[2023-06-22T06:52:01.597+0000][5.047s] GC(5) Concurrent Preclean
[2023-06-22T06:52:01.597+0000][5.047s] GC(5) Concurrent Preclean 0.562ms
[2023-06-22T06:52:01.598+0000][5.048s] GC(5) Concurrent Mark (5.015s, 5.048s) 33.115ms
[2023-06-22T06:52:01.599+0000][5.049s] GC(5) Pause Remark
[2023-06-22T06:52:01.603+0000][5.053s] GC(5) Cleaned string and symbol table, strings: 15601 processed, 27 removed, symbols: 101857 processed, 125 removed
[2023-06-22T06:52:01.604+0000][5.054s] GC(5) Pause Remark 30M->30M(512M) 4.973ms
[2023-06-22T06:52:01.604+0000][5.054s] GC(5) User=0.02s Sys=0.00s Real=0.00s
[2023-06-22T06:52:01.605+0000][5.055s] GC(5) Concurrent Rebuild Remembered Sets
[2023-06-22T06:52:01.616+0000][5.066s] GC(5) Concurrent Rebuild Remembered Sets 11.636ms
[2023-06-22T06:52:01.617+0000][5.067s] GC(5) Pause Cleanup
[2023-06-22T06:52:01.618+0000][5.068s] GC(5) Pause Cleanup 30M->30M(512M) 0.590ms
[2023-06-22T06:52:01.618+0000][5.068s] GC(5) User=0.00s Sys=0.00s Real=0.00s
[2023-06-22T06:52:01.619+0000][5.069s] GC(5) Concurrent Cleanup for Next Mark
[2023-06-22T06:52:01.619+0000][5.069s] GC(5) Concurrent Cleanup for Next Mark 0.650ms
[2023-06-22T06:52:01.620+0000][5.070s] GC(5) Concurrent Cycle 61.009ms
[2023-06-22T06:52:29.845+0000][33.295s] Heap
[2023-06-22T06:52:29.845+0000][33.296s]  garbage-first heap   total 524288K, used 212140K [0x00000000e0000000, 0x0000000100000000)
[2023-06-22T06:52:29.846+0000][33.296s]   region size 1024K, 184 young (188416K), 6 survivors (6144K)
[2023-06-22T06:52:29.846+0000][33.296s]  Metaspace       used 45182K, capacity 46400K, committed 46640K, reserved 1089536K
[2023-06-22T06:52:29.847+0000][33.297s]   class space    used 5516K, capacity 6003K, committed 6016K, reserved 1048576K
