[2023-06-23T01:42:56.170+0000][0.124s] Heap region size: 1M
[2023-06-23T01:42:56.185+0000][0.139s] Using G1
[2023-06-23T01:42:56.185+0000][0.139s] Heap address: 0x00000000e0000000, size: 512 MB, Compressed Oops mode: 32-bit
[2023-06-23T01:42:56.186+0000][0.140s] Mark closed archive regions in map: [0x00000000ffe00000, 0x00000000ffe65ff8]
[2023-06-23T01:42:56.187+0000][0.141s] Mark open archive regions in map: [0x00000000ffc00000, 0x00000000ffc41ff8]
[2023-06-23T01:43:01.431+0000][5.385s] GC(0) Pause Young (Normal) (G1 Evacuation Pause)
[2023-06-23T01:43:01.433+0000][5.386s] GC(0) Using 6 workers of 6 for evacuation
[2023-06-23T01:43:01.450+0000][5.404s] GC(0)   Pre Evacuate Collection Set: 0.0ms
[2023-06-23T01:43:01.451+0000][5.404s] GC(0)   Evacuate Collection Set: 15.4ms
[2023-06-23T01:43:01.451+0000][5.405s] GC(0)   Post Evacuate Collection Set: 0.7ms
[2023-06-23T01:43:01.452+0000][5.405s] GC(0)   Other: 2.9ms
[2023-06-23T01:43:01.452+0000][5.406s] GC(0) Eden regions: 27->0(303)
[2023-06-23T01:43:01.452+0000][5.406s] GC(0) Survivor regions: 0->4(4)
[2023-06-23T01:43:01.453+0000][5.407s] GC(0) Old regions: 2->2
[2023-06-23T01:43:01.453+0000][5.407s] GC(0) Humongous regions: 0->0
[2023-06-23T01:43:01.454+0000][5.407s] GC(0) Metaspace: 8186K(8576K)->8186K(8576K) NonClass: 7191K(7424K)->7191K(7424K) Class: 995K(1152K)->995K(1152K)
[2023-06-23T01:43:01.454+0000][5.408s] GC(0) Pause Young (Normal) (G1 Evacuation Pause) 27M->3M(512M) 22.986ms
[2023-06-23T01:43:01.455+0000][5.408s] GC(0) User=0.08s Sys=0.01s Real=0.02s
[2023-06-23T01:43:03.026+0000][6.980s] GC(1) Pause Young (Concurrent Start) (Metadata GC Threshold)
[2023-06-23T01:43:03.027+0000][6.980s] GC(1) Using 6 workers of 6 for evacuation
[2023-06-23T01:43:03.049+0000][7.003s] GC(1)   Pre Evacuate Collection Set: 0.0ms
[2023-06-23T01:43:03.050+0000][7.004s] GC(1)   Evacuate Collection Set: 16.3ms
[2023-06-23T01:43:03.050+0000][7.004s] GC(1)   Post Evacuate Collection Set: 5.6ms
[2023-06-23T01:43:03.051+0000][7.004s] GC(1)   Other: 1.5ms
[2023-06-23T01:43:03.051+0000][7.005s] GC(1) Eden regions: 89->0(77)
[2023-06-23T01:43:03.051+0000][7.005s] GC(1) Survivor regions: 4->19(39)
[2023-06-23T01:43:03.052+0000][7.005s] GC(1) Old regions: 2->2
[2023-06-23T01:43:03.052+0000][7.006s] GC(1) Humongous regions: 4->4
[2023-06-23T01:43:03.052+0000][7.006s] GC(1) Metaspace: 20363K(21248K)->20363K(21248K) NonClass: 17946K(18432K)->17946K(18432K) Class: 2417K(2816K)->2417K(2816K)
[2023-06-23T01:43:03.053+0000][7.007s] GC(1) Pause Young (Concurrent Start) (Metadata GC Threshold) 96M->23M(512M) 27.095ms
[2023-06-23T01:43:03.053+0000][7.007s] GC(1) User=0.06s Sys=0.01s Real=0.02s
[2023-06-23T01:43:03.054+0000][7.008s] GC(2) Concurrent Cycle
[2023-06-23T01:43:03.054+0000][7.008s] GC(2) Concurrent Clear Claimed Marks
[2023-06-23T01:43:03.054+0000][7.008s] GC(2) Concurrent Clear Claimed Marks 0.291ms
[2023-06-23T01:43:03.055+0000][7.008s] GC(2) Concurrent Scan Root Regions
[2023-06-23T01:43:03.059+0000][7.013s] GC(2) Concurrent Scan Root Regions 4.364ms
[2023-06-23T01:43:03.062+0000][7.015s] GC(2) Concurrent Mark (7.015s)
[2023-06-23T01:43:03.063+0000][7.016s] GC(2) Concurrent Mark From Roots
[2023-06-23T01:43:03.063+0000][7.017s] GC(2) Using 2 workers of 2 for marking
[2023-06-23T01:43:03.069+0000][7.022s] GC(2) Concurrent Mark From Roots 5.967ms
[2023-06-23T01:43:03.069+0000][7.023s] GC(2) Concurrent Preclean
[2023-06-23T01:43:03.069+0000][7.023s] GC(2) Concurrent Preclean 0.400ms
[2023-06-23T01:43:03.070+0000][7.024s] GC(2) Concurrent Mark (7.015s, 7.024s) 8.207ms
[2023-06-23T01:43:03.070+0000][7.024s] GC(2) Pause Remark
[2023-06-23T01:43:03.077+0000][7.031s] GC(2) Cleaned string and symbol table, strings: 8860 processed, 0 removed, symbols: 60288 processed, 40 removed
[2023-06-23T01:43:03.078+0000][7.032s] GC(2) Pause Remark 24M->24M(512M) 7.615ms
[2023-06-23T01:43:03.078+0000][7.032s] GC(2) User=0.03s Sys=0.00s Real=0.01s
[2023-06-23T01:43:03.079+0000][7.032s] GC(2) Concurrent Rebuild Remembered Sets
[2023-06-23T01:43:03.081+0000][7.035s] GC(2) Concurrent Rebuild Remembered Sets 2.693ms
[2023-06-23T01:43:03.083+0000][7.037s] GC(2) Pause Cleanup
[2023-06-23T01:43:03.084+0000][7.038s] GC(2) Pause Cleanup 25M->25M(512M) 0.531ms
[2023-06-23T01:43:03.084+0000][7.038s] GC(2) User=0.00s Sys=0.00s Real=0.00s
[2023-06-23T01:43:03.085+0000][7.038s] GC(2) Concurrent Cleanup for Next Mark
[2023-06-23T01:43:03.085+0000][7.039s] GC(2) Concurrent Cleanup for Next Mark 0.740ms
[2023-06-23T01:43:03.086+0000][7.040s] GC(2) Concurrent Cycle 32.127ms
[2023-06-23T01:43:03.960+0000][7.915s] GC(3) Pause Young (Normal) (G1 Evacuation Pause)
[2023-06-23T01:43:03.961+0000][7.915s] GC(3) Using 6 workers of 6 for evacuation
[2023-06-23T01:43:03.979+0000][7.933s] GC(3)   Pre Evacuate Collection Set: 0.0ms
[2023-06-23T01:43:03.980+0000][7.934s] GC(3)   Evacuate Collection Set: 17.1ms
[2023-06-23T01:43:03.980+0000][7.934s] GC(3)   Post Evacuate Collection Set: 0.7ms
[2023-06-23T01:43:03.980+0000][7.934s] GC(3)   Other: 0.7ms
[2023-06-23T01:43:03.981+0000][7.935s] GC(3) Eden regions: 64->0(103)
[2023-06-23T01:43:03.981+0000][7.935s] GC(3) Survivor regions: 19->5(11)
[2023-06-23T01:43:03.982+0000][7.936s] GC(3) Old regions: 2->21
[2023-06-23T01:43:03.982+0000][7.936s] GC(3) Humongous regions: 4->4
[2023-06-23T01:43:03.983+0000][7.937s] GC(3) Metaspace: 27733K(29056K)->27733K(29056K) NonClass: 24415K(25344K)->24415K(25344K) Class: 3317K(3712K)->3317K(3712K)
[2023-06-23T01:43:03.983+0000][7.937s] GC(3) Pause Young (Normal) (G1 Evacuation Pause) 87M->27M(512M) 22.593ms
[2023-06-23T01:43:03.983+0000][7.937s] GC(3) User=0.07s Sys=0.02s Real=0.02s
[2023-06-23T01:43:05.081+0000][9.035s] GC(4) Pause Young (Concurrent Start) (Metadata GC Threshold)
[2023-06-23T01:43:05.084+0000][9.038s] GC(4) Using 6 workers of 6 for evacuation
[2023-06-23T01:43:05.096+0000][9.050s] GC(4)   Pre Evacuate Collection Set: 0.1ms
[2023-06-23T01:43:05.097+0000][9.051s] GC(4)   Evacuate Collection Set: 9.5ms
[2023-06-23T01:43:05.098+0000][9.052s] GC(4)   Post Evacuate Collection Set: 1.8ms
[2023-06-23T01:43:05.099+0000][9.053s] GC(4)   Other: 3.2ms
[2023-06-23T01:43:05.099+0000][9.054s] GC(4) Eden regions: 70->0(134)
[2023-06-23T01:43:05.100+0000][9.054s] GC(4) Survivor regions: 5->6(14)
[2023-06-23T01:43:05.100+0000][9.054s] GC(4) Old regions: 21->21
[2023-06-23T01:43:05.100+0000][9.054s] GC(4) Humongous regions: 4->4
[2023-06-23T01:43:05.101+0000][9.055s] GC(4) Metaspace: 34520K(35840K)->34520K(35840K) NonClass: 30316K(31232K)->30316K(31232K) Class: 4203K(4608K)->4203K(4608K)
[2023-06-23T01:43:05.101+0000][9.055s] GC(4) Pause Young (Concurrent Start) (Metadata GC Threshold) 97M->29M(512M) 19.804ms
[2023-06-23T01:43:05.102+0000][9.056s] GC(4) User=0.05s Sys=0.00s Real=0.02s
[2023-06-23T01:43:05.102+0000][9.056s] GC(5) Concurrent Cycle
[2023-06-23T01:43:05.106+0000][9.060s] GC(5) Concurrent Clear Claimed Marks
[2023-06-23T01:43:05.106+0000][9.060s] GC(5) Concurrent Clear Claimed Marks 0.651ms
[2023-06-23T01:43:05.107+0000][9.061s] GC(5) Concurrent Scan Root Regions
[2023-06-23T01:43:05.113+0000][9.067s] GC(5) Concurrent Scan Root Regions 6.345ms
[2023-06-23T01:43:05.114+0000][9.068s] GC(5) Concurrent Mark (9.068s)
[2023-06-23T01:43:05.114+0000][9.068s] GC(5) Concurrent Mark From Roots
[2023-06-23T01:43:05.115+0000][9.069s] GC(5) Using 2 workers of 2 for marking
[2023-06-23T01:43:05.144+0000][9.098s] GC(5) Concurrent Mark From Roots 29.421ms
[2023-06-23T01:43:05.144+0000][9.098s] GC(5) Concurrent Preclean
[2023-06-23T01:43:05.147+0000][9.101s] GC(5) Concurrent Preclean 3.171ms
[2023-06-23T01:43:05.148+0000][9.103s] GC(5) Concurrent Mark (9.068s, 9.103s) 34.893ms
[2023-06-23T01:43:05.150+0000][9.104s] GC(5) Pause Remark
[2023-06-23T01:43:05.156+0000][9.110s] GC(5) Cleaned string and symbol table, strings: 15672 processed, 27 removed, symbols: 101929 processed, 125 removed
[2023-06-23T01:43:05.158+0000][9.112s] GC(5) Pause Remark 32M->32M(512M) 7.937ms
[2023-06-23T01:43:05.158+0000][9.112s] GC(5) User=0.01s Sys=0.00s Real=0.01s
[2023-06-23T01:43:05.159+0000][9.113s] GC(5) Concurrent Rebuild Remembered Sets
[2023-06-23T01:43:05.173+0000][9.127s] GC(5) Concurrent Rebuild Remembered Sets 13.926ms
[2023-06-23T01:43:05.174+0000][9.128s] GC(5) Pause Cleanup
[2023-06-23T01:43:05.175+0000][9.129s] GC(5) Pause Cleanup 32M->32M(512M) 0.800ms
[2023-06-23T01:43:05.175+0000][9.130s] GC(5) User=0.00s Sys=0.00s Real=0.01s
[2023-06-23T01:43:05.176+0000][9.130s] GC(5) Concurrent Cleanup for Next Mark
[2023-06-23T01:43:05.178+0000][9.132s] GC(5) Concurrent Cleanup for Next Mark 2.405ms
[2023-06-23T01:43:05.180+0000][9.134s] GC(5) Concurrent Cycle 77.832ms
[2023-06-23T01:43:06.518+0000][10.472s] GC(6) Pause Young (Normal) (G1 Evacuation Pause)
[2023-06-23T01:43:06.520+0000][10.474s] GC(6) Using 6 workers of 6 for evacuation
[2023-06-23T01:43:06.543+0000][10.497s] GC(6)   Pre Evacuate Collection Set: 0.0ms
[2023-06-23T01:43:06.544+0000][10.498s] GC(6)   Evacuate Collection Set: 19.8ms
[2023-06-23T01:43:06.544+0000][10.498s] GC(6)   Post Evacuate Collection Set: 0.7ms
[2023-06-23T01:43:06.544+0000][10.498s] GC(6)   Other: 4.7ms
[2023-06-23T01:43:06.545+0000][10.499s] GC(6) Eden regions: 134->0(183)
[2023-06-23T01:43:06.545+0000][10.499s] GC(6) Survivor regions: 6->12(18)
[2023-06-23T01:43:06.546+0000][10.500s] GC(6) Old regions: 21->21
[2023-06-23T01:43:06.546+0000][10.500s] GC(6) Humongous regions: 5->4
[2023-06-23T01:43:06.547+0000][10.501s] GC(6) Metaspace: 41942K(43264K)->41942K(43264K) NonClass: 36864K(37632K)->36864K(37632K) Class: 5078K(5632K)->5078K(5632K)
[2023-06-23T01:43:06.547+0000][10.501s] GC(6) Pause Young (Normal) (G1 Evacuation Pause) 164M->35M(512M) 29.317ms
[2023-06-23T01:43:06.548+0000][10.502s] GC(6) User=0.06s Sys=0.01s Real=0.03s
[2023-06-23T03:11:17.159+0000][5302.653s] Heap
[2023-06-23T03:11:17.164+0000][5302.658s]  garbage-first heap   total 524288K, used 148510K [0x00000000e0000000, 0x0000000100000000)
[2023-06-23T03:11:17.165+0000][5302.658s]   region size 1024K, 123 young (125952K), 12 survivors (12288K)
[2023-06-23T03:11:17.165+0000][5302.659s]  Metaspace       used 47601K, capacity 48766K, committed 48896K, reserved 1091584K
[2023-06-23T03:11:17.165+0000][5302.659s]   class space    used 5781K, capacity 6292K, committed 6400K, reserved 1048576K
